TAP version 13
1..152
# Criterion v2.3.3 (bleeding)
#
# Running 1 tests from ft_toupper
ok - ft_toupper::all_characters  (0.01s)
#
# Running 1 tests from ft_tolower
ok - ft_tolower::all_characters  (0.01s)
#
# Running 8 tests from ft_substr
not ok - ft_substr::simple  (0.01s)
  ---
  assertions: 1
  failures:
  - libft_test/ft_substr.c:77: |+
      Assertion failed: Function did not null terminate the string
  ...
not ok - ft_substr::simple  (0.00s)
  ---
  assertions: 0
  failures:
  ...
not ok - ft_substr::simple  (0.01s)
  ---
  assertions: 1
  failures:
  - libft_test/ft_substr.c:77: |+
      Assertion failed: Function did not null terminate the string
  ...
not ok - ft_substr::simple  (0.00s)
  ---
  assertions: 0
  failures:
  ...
ok - ft_substr::simple  (0.00s)
ok - ft_substr::malloc_fail  (0.00s)
not ok - ft_substr::edge_case1  (0.00s)
  ---
  assertions: 1
  failures:
  - libft_test/ft_substr.c:143: |+
      Assertion failed: Wrong char got -66 expected 0.
  ...
not ok - ft_substr::edge_case0  (0.00s)
  ---
  assertions: 1
  failures:
  - libft_test/ft_substr.c:124: |+
      Assertion failed: Wrong char got -66 expected 0.
  ...
#
# Running 8 tests from ft_strtrim
ok - ft_strtrim::simple  (0.00s)
ok - ft_strtrim::simple  (0.00s)
ok - ft_strtrim::simple  (0.00s)
ok - ft_strtrim::simple  (0.00s)
ok - ft_strtrim::simple  (0.00s)
ok - ft_strtrim::simple  (0.00s)
ok - ft_strtrim::simple  (0.00s)
ok - ft_strtrim::malloc_fail  (0.00s)
#
# Running 7 tests from ft_strrchr
ok - ft_strrchr::randomised  (0.01s)
ok - ft_strrchr::null  (0.00s)
ok - ft_strrchr::not_found  (0.00s)
ok - ft_strrchr::multiple_occurence  (0.00s)
ok - ft_strrchr::found  (0.00s)
ok - ft_strrchr::first  (0.00s)
ok - ft_strrchr::extended_ascii  (0.00s)
#
# Running 14 tests from ft_strnstr
ok - ft_strnstr::simple  (0.00s)
ok - ft_strnstr::simple  (0.00s)
ok - ft_strnstr::simple  (0.00s)
ok - ft_strnstr::simple  (0.00s)
ok - ft_strnstr::simple  (0.00s)
ok - ft_strnstr::simple  (0.00s)
ok - ft_strnstr::simple  (0.00s)
ok - ft_strnstr::simple  (0.00s)
ok - ft_strnstr::simple  (0.00s)
ok - ft_strnstr::simple  (0.00s)
ok - ft_strnstr::simple  (0.00s)
ok - ft_strnstr::simple  (0.00s)
ok - ft_strnstr::randomised  (0.03s)
ok - ft_strnstr::extended_ascii  (0.00s)
#
# Running 7 tests from ft_strncmp
ok - ft_strncmp::same_ptr  (0.00s)
ok - ft_strncmp::randomised  (0.01s)
ok - ft_strncmp::identical  (0.00s)
ok - ft_strncmp::extended_ascii  (0.00s)
ok - ft_strncmp::different_size  (0.00s)
ok - ft_strncmp::different  (0.00s)
ok - ft_strncmp::0  (0.00s)
#
# Running 3 tests from ft_strlen
ok - ft_strlen::randomised  (0.01s)
ok - ft_strlen::normal  (0.00s)
ok - ft_strlen::0  (0.00s)
#
# Running 6 tests from ft_strlcpy
ok - ft_strlcpy::zero  (0.00s)
ok - ft_strlcpy::smaller_size  (0.00s)
ok - ft_strlcpy::randomised  (0.01s)
ok - ft_strlcpy::no_space_left  (0.00s)
ok - ft_strlcpy::larger_size  (0.00s)
ok - ft_strlcpy::exact_size  (0.00s)
#
# Running 6 tests from ft_strlcat
ok - ft_strlcat::string  (0.00s)
ok - ft_strlcat::reduce  (0.00s)
ok - ft_strlcat::randomised  (0.01s)
ok - ft_strlcat::part  (0.00s)
ok - ft_strlcat::no_space_left  (0.00s)
ok - ft_strlcat::empty  (0.00s)
#
# Running 6 tests from ft_strjoin
ok - ft_strjoin::simple  (0.00s)
ok - ft_strjoin::simple  (0.00s)
ok - ft_strjoin::simple  (0.00s)
ok - ft_strjoin::simple  (0.00s)
ok - ft_strjoin::simple  (0.00s)
ok - ft_strjoin::malloc_fail  (0.00s)
#
# Running 4 tests from ft_strdup
ok - ft_strdup::string  (0.00s)
ok - ft_strdup::randomised  (0.01s)
ok - ft_strdup::malloc_fail  (0.00s)
ok - ft_strdup::empty  (0.00s)
#
# Running 6 tests from ft_strchr
ok - ft_strchr::randomised  (0.01s)
ok - ft_strchr::null  (0.00s)
ok - ft_strchr::not_found  (0.00s)
ok - ft_strchr::multiple_occurence  (0.00s)
ok - ft_strchr::found  (0.00s)
ok - ft_strchr::extended_ascii  (0.00s)
#
# Running 18 tests from ft_split
not ok - ft_split::simple  (0.00s)
  ---
  assertions: 0
  failures:
  ...
not ok - ft_split::simple  (0.00s)
  ---
  assertions: 0
  failures:
  ...
not ok - ft_split::simple  (0.00s)
  ---
  assertions: 0
  failures:
  ...
not ok - ft_split::simple  (0.00s)
  ---
  assertions: 0
  failures:
  ...
not ok - ft_split::simple  (0.00s)
  ---
  assertions: 0
  failures:
  ...
not ok - ft_split::simple  (0.00s)
  ---
  assertions: 0
  failures:
  ...
not ok - ft_split::simple  (0.00s)
  ---
  assertions: 0
  failures:
  ...
not ok - ft_split::simple  (0.00s)
  ---
  assertions: 0
  failures:
  ...
not ok - ft_split::simple  (0.00s)
  ---
  assertions: 0
  failures:
  ...
ok - ft_split::malloc_fail  (0.00s)
ok - ft_split::malloc_fail  (0.00s)
ok - ft_split::malloc_fail  (0.00s)
ok - ft_split::malloc_fail  (0.00s)
ok - ft_split::malloc_fail  (0.00s)
ok - ft_split::malloc_fail  (0.01s)
ok - ft_split::malloc_fail  (0.00s)
ok - ft_split::malloc_fail  (0.00s)
ok - ft_split::malloc_fail  (0.00s)
#
# Running 3 tests from ft_memset
ok - ft_memset::randomised  (0.01s)
ok - ft_memset::normal  (0.00s)
ok - ft_memset::0  (0.00s)
#
# Running 7 tests from ft_memmove
ok - ft_memmove::same_ptr  (0.00s)
ok - ft_memmove::randomised  (0.01s)
ok - ft_memmove::preceed  (0.00s)
ok - ft_memmove::overlap  (0.00s)
ok - ft_memmove::null12  (0.00s)
ok - ft_memmove::len0  (0.00s)
ok - ft_memmove::0null  (0.00s)
#
# Running 7 tests from ft_memcpy
ok - ft_memcpy::same_ptr  (0.00s)
ok - ft_memcpy::randomised  (0.01s)
ok - ft_memcpy::null12  (0.00s)
ok - ft_memcpy::normal  (0.00s)
ok - ft_memcpy::len0  (0.00s)
ok - ft_memcpy::0null  (0.00s)
ok - ft_memcpy::0  (0.00s)
#
# Running 6 tests from ft_memcmp
ok - ft_memcmp::same_ptr  (0.00s)
ok - ft_memcmp::randomised  (0.01s)
ok - ft_memcmp::len0  (0.00s)
ok - ft_memcmp::identical  (0.00s)
ok - ft_memcmp::extended_ascii  (0.00s)
ok - ft_memcmp::different  (0.00s)
#
# Running 5 tests from ft_memchr
ok - ft_memchr::randomised  (0.01s)
ok - ft_memchr::not_found  (0.00s)
ok - ft_memchr::found  (0.00s)
ok - ft_memchr::extended_ascii  (0.00s)
ok - ft_memchr::char_overflow  (0.00s)
#
# Running 8 tests from ft_memccpy
ok - ft_memccpy::simple  (0.00s)
ok - ft_memccpy::simple  (0.00s)
ok - ft_memccpy::simple  (0.00s)
ok - ft_memccpy::simple  (0.00s)
ok - ft_memccpy::randomised  (0.01s)
ok - ft_memccpy::extended_ascii  (0.00s)
ok - ft_memccpy::0null  (0.00s)
ok - ft_memccpy::0  (0.00s)
#
# Running 1 tests from ft_isprint
ok - ft_isprint::all_characters  (0.01s)
#
# Running 1 tests from ft_isdigit
ok - ft_isdigit::all_characters  (0.01s)
#
# Running 1 tests from ft_isascii
ok - ft_isascii::all_characters  (0.01s)
#
# Running 1 tests from ft_isalpha
ok - ft_isalpha::all_characters  (0.01s)
#
# Running 1 tests from ft_isalnum
ok - ft_isalnum::all_characters  (0.01s)
#
# Running 4 tests from ft_calloc
ok - ft_calloc::simple  (0.00s)
ok - ft_calloc::randomised  (0.01s)
ok - ft_calloc::malloc_fail  (0.00s)
ok - ft_calloc::0  (0.00s)
#
# Running 3 tests from ft_bzero
ok - ft_bzero::randomised  (0.00s)
ok - ft_bzero::normal  (0.00s)
ok - ft_bzero::0  (0.00s)
#
# Running 9 tests from ft_atoi
ok - ft_atoi::simple  (0.00s)
ok - ft_atoi::simple  (0.00s)
ok - ft_atoi::simple  (0.00s)
ok - ft_atoi::simple  (0.00s)
ok - ft_atoi::simple  (0.00s)
ok - ft_atoi::simple  (0.00s)
ok - ft_atoi::simple  (0.00s)
ok - ft_atoi::simple  (0.00s)
ok - ft_atoi::randomised  (0.00s)
